C51 COMPILER V9.60.7.0   COMMON                                                            02/05/2025 16:57:40 PAGE 1   


C51 COMPILER V9.60.7.0, COMPILATION OF MODULE COMMON
OBJECT MODULE PLACED IN ..\Output\common.obj
COMPILER INVOKED BY: D:\APP\Keil_v5\C51\BIN\C51.EXE ..\Emembed\Src\common.c LARGE OPTIMIZE(8,SPEED) BROWSE INCDIR(..\BSP
                    -\Inc;..\Core\Inc;..\Driver;..\Emembed\Inc;..\SYSTEM\Inc) DEBUG OBJECTEXTEND PRINT(.\Listings\common.lst) OBJECT(..\Outpu
                    -t\common.obj)

line level    source

   1          #include "common.h"
   2          
   3          /**
   4           * @brief       一些定时执行的事件   Timer3：10us
   5           *
   6           * @param   
   7           *
   8           * @return  void
   9          **/
  10          void Tim3_ISR( void ) interrupt 19 
  11          {
  12   1          static uint8_t trun_flag = 1;
  13   1          /* 1, 220V AC输出CH1~CH3固定最大功率输出           */
  14   1          if( trun_flag == 0 )
  15   1          {
  16   2              AC_Out1 = AC_Out2 = AC_Out3 = 1;
  17   2              trun_flag = 1;
  18   2              IE2  |=  0x00;                          //关闭IE2-ET3，TIM3中断
  19   2          }
  20   1          if( trun_flag == 1 )
  21   1          {
  22   2              AC_Out1 = AC_Out2 = AC_Out3 = 0;
  23   2              trun_flag = 0;
  24   2          }
  25   1      }


MODULE INFORMATION:   STATIC OVERLAYABLE
   CODE SIZE        =     46    ----
   CONSTANT SIZE    =   ----    ----
   XDATA SIZE       =      1    ----
   PDATA SIZE       =   ----    ----
   DATA SIZE        =   ----    ----
   IDATA SIZE       =   ----    ----
   BIT SIZE         =   ----    ----
END OF MODULE INFORMATION.


C51 COMPILATION COMPLETE.  0 WARNING(S),  0 ERROR(S)
